// Jest Snapshot v1, https://goo.gl/fbAQLP

exports[`App.js deve renderizar sem erros 1`] = `
<RCTSafeAreaView
  emulateUnlessSupported={true}
  style={
    Object {
      "flex": 1,
    }
  }
>
  <View
    onLayout={[Function]}
    style={
      Array [
        Object {
          "flex": 1,
        },
        Object {
          "paddingBottom": 0,
        },
      ]
    }
  >
    <View
      testID="AppRotasMock"
    />
  </View>
</RCTSafeAreaView>
`;
